// Vitest Snapshot v1, https://vitest.dev/guide/snapshot.html

exports[`renders 1`] = `
<div
  class="sc-jSguLX gUPsvJ"
  id="done-tasks-container"
>
  <div
    class="infinite-scroll-component__outerdiv"
  >
    <div
      class="infinite-scroll-component sc-iBPTVF jikxRZ"
      style="height: auto; overflow: auto;"
    />
  </div>
</div>
`;
