// Vitest Snapshot v1, https://vitest.dev/guide/snapshot.html

exports[`renders 1`] = `
<div
  class="sc-jSMdHm hBAMbu"
>
  <div
    class="sc-iBkiHk gHtwft"
  >
    <div
      aria-describedby="DndDescribedBy-0"
      aria-disabled="false"
      aria-roledescription="sortable"
      class="sc-gsnScm fWpygO"
      role="button"
      tabindex="0"
    >
      <div
        class="sc-dkzCjb Mhifw"
      >
        name
      </div>
      <div
        class="sc-hKMtDE gnRsPn"
      >
        <div
          aria-label="Done"
          class="sc-bczSft jPkYYc"
        >
          <svg
            fill="currentColor"
            height="1em"
            stroke="currentColor"
            stroke-width="0"
            viewBox="0 0 24 24"
            width="1em"
            xmlns="http://www.w3.org/2000/svg"
          >
            <path
              d="M0 0h24v24H0z"
              fill="none"
            />
            <path
              d="M9 16.17L4.83 12l-1.42 1.41L9 19 21 7l-1.41-1.41z"
            />
          </svg>
        </div>
        <div
          aria-label="Edit"
          class="sc-bczSft jPkYYc"
        >
          <svg
            fill="currentColor"
            height="1em"
            stroke="currentColor"
            stroke-width="0"
            viewBox="0 0 24 24"
            width="1em"
            xmlns="http://www.w3.org/2000/svg"
          >
            <path
              d="M0 0h24v24H0z"
              fill="none"
            />
            <path
              d="M3 17.25V21h3.75L17.81 9.94l-3.75-3.75L3 17.25zM20.71 7.04a.996.996 0 000-1.41l-2.34-2.34a.996.996 0 00-1.41 0l-1.83 1.83 3.75 3.75 1.83-1.83z"
            />
          </svg>
        </div>
        <div
          class="sc-bczSft jPkYYc sc-eCYdKt drCLIA"
        >
          <svg
            fill="currentColor"
            height="1em"
            stroke="currentColor"
            stroke-width="0"
            viewBox="0 0 24 24"
            width="1em"
            xmlns="http://www.w3.org/2000/svg"
          >
            <path
              d="M0 0h24v24H0z"
              fill="none"
            />
            <path
              d="M20 9H4v2h16V9zM4 15h16v-2H4v2z"
            />
          </svg>
        </div>
      </div>
    </div>
  </div>
</div>
`;

exports[`renders with no tasks 1`] = `
<div
  class="sc-jSMdHm hBAMbu"
>
  <div
    class="sc-iBkiHk gHtwft"
  />
</div>
`;

exports[`renders with tasks not loaded yet 1`] = `
<div
  class="sc-gKXNOb insiZa"
>
  <span
    style="display: inherit;"
  >
    <span
      style="background-color: white; width: 15px; height: 15px; margin: 2px; border-radius: 100%; display: inline-block; animation: react-spinners-PulseLoader-pulse 0.75s 0.12s infinite cubic-bezier(0.2, 0.68, 0.18, 1.08); animation-fill-mode: both;"
    />
    <span
      style="background-color: white; width: 15px; height: 15px; margin: 2px; border-radius: 100%; display: inline-block; animation: react-spinners-PulseLoader-pulse 0.75s 0.24s infinite cubic-bezier(0.2, 0.68, 0.18, 1.08); animation-fill-mode: both;"
    />
    <span
      style="background-color: white; width: 15px; height: 15px; margin: 2px; border-radius: 100%; display: inline-block; animation: react-spinners-PulseLoader-pulse 0.75s 0.36s infinite cubic-bezier(0.2, 0.68, 0.18, 1.08); animation-fill-mode: both;"
    />
  </span>
</div>
`;
