// Jest Snapshot v1, https://goo.gl/fbAQLP

exports[`renders 1`] = `
<button
  aria-label="Create"
  className="sc-bdvvtL sc-gsDKAQ fsnfKq kStvdk"
  onClick={[Function]}
>
  <svg
    fill="currentColor"
    height="1em"
    stroke="currentColor"
    strokeWidth="0"
    style={
      Object {
        "color": undefined,
      }
    }
    viewBox="0 0 24 24"
    width="1em"
    xmlns="http://www.w3.org/2000/svg"
  >
    <path
      d="M0 0h24v24H0z"
      fill="none"
    />
    <path
      d="M19 13h-6v6h-2v-6H5v-2h6V5h2v6h6v2z"
    />
  </svg>
</button>
`;
