// Jest Snapshot v1, https://goo.gl/fbAQLP

exports[`renders 1`] = `
<div
  className="sc-eCImvq tPbwh"
  id="done-tasks-container"
>
  <div
    className="infinite-scroll-component__outerdiv"
    style={Object {}}
  >
    <div
      className="infinite-scroll-component sc-gKckTs fWORFv"
      style={
        Object {
          "WebkitOverflowScrolling": "touch",
          "height": "auto",
          "overflow": "auto",
        }
      }
    />
  </div>
</div>
`;
