// Jest Snapshot v1, https://goo.gl/fbAQLP

exports[`renders 1`] = `
<div
  className="sc-eCImvq tPbwh"
>
  <div
    className="sc-gKckTs dLOohE"
  >
    <div
      className="sc-gsDJrp gRLguC"
    >
      <div
        className="sc-dkPtyc itUWlg"
      >
        name
      </div>
      <div
        className="sc-hKwCoD embeqr"
      >
        <div
          aria-label="Done"
          className="sc-bdvvaa coNtbE"
          onClick={[Function]}
        >
          <svg
            fill="currentColor"
            height="1em"
            stroke="currentColor"
            strokeWidth="0"
            style={
              Object {
                "color": undefined,
              }
            }
            viewBox="0 0 24 24"
            width="1em"
            xmlns="http://www.w3.org/2000/svg"
          >
            <path
              d="M9 16.17L4.83 12l-1.42 1.41L9 19 21 7l-1.41-1.41z"
            />
          </svg>
        </div>
        <div
          aria-label="Edit"
          className="sc-bdvvaa coNtbE"
          onClick={[Function]}
        >
          <svg
            fill="currentColor"
            height="1em"
            stroke="currentColor"
            strokeWidth="0"
            style={
              Object {
                "color": undefined,
              }
            }
            viewBox="0 0 24 24"
            width="1em"
            xmlns="http://www.w3.org/2000/svg"
          >
            <path
              d="M3 17.25V21h3.75L17.81 9.94l-3.75-3.75L3 17.25zM20.71 7.04c.39-.39.39-1.02 0-1.41l-2.34-2.34c-.39-.39-1.02-.39-1.41 0l-1.83 1.83 3.75 3.75 1.83-1.83z"
            />
          </svg>
        </div>
        <div
          className="sc-bdvvaa coNtbE"
          onClick={[Function]}
        >
          <svg
            fill="currentColor"
            height="1em"
            stroke="currentColor"
            strokeWidth="0"
            style={
              Object {
                "color": undefined,
              }
            }
            viewBox="0 0 24 24"
            width="1em"
            xmlns="http://www.w3.org/2000/svg"
          >
            <path
              d="M20 9H4v2h16V9zM4 15h16v-2H4v2z"
            />
          </svg>
        </div>
      </div>
    </div>
  </div>
</div>
`;

exports[`renders with no tasks 1`] = `
<div
  className="sc-eCImvq tPbwh"
>
  <div
    className="sc-gKckTs dLOohE"
  />
</div>
`;

exports[`renders with tasks not loaded yet 1`] = `
<div
  className="sc-jRQAMF ifJYyF"
>
  <span
    className="css-0"
  >
    <span
      className="css-b0t2tw"
    />
    <span
      className="css-fz02ge"
    />
    <span
      className="css-1xlchjq"
    />
  </span>
</div>
`;
